---
source: tui/src/reprompt/overlay.rs
expression: rendered
---
┌ REPROMPT ────────────────────────────────┐
│  Original Prompt:                      ▼ │
│  Please update the auth flow to handle   │
│  sandboxed sessions cleanly              │
│                                          │
│  Did You Mean:                           │
│──────────────────────────────────────────│
│  [A]ccept · [I]terate · [S]kip · [R]eason│
│──────────────────────────────────────────│
│  Tip 1/3: Add a file path to skip discove│
│                                          │
│  ↑/↓ to scroll · Space, Enter, or Escape │
└──────────────────────────────────────────┘
